bbl loader
              vvvvvvvvvvvvvvvvvvvvvvvvvvvvvvvv
                  vvvvvvvvvvvvvvvvvvvvvvvvvvvv
rrrrrrrrrrrrr       vvvvvvvvvvvvvvvvvvvvvvvvvv
rrrrrrrrrrrrrrrr      vvvvvvvvvvvvvvvvvvvvvvvv
rrrrrrrrrrrrrrrrrr    vvvvvvvvvvvvvvvvvvvvvvvv
rrrrrrrrrrrrrrrrrr    vvvvvvvvvvvvvvvvvvvvvvvv
rrrrrrrrrrrrrrrrrr    vvvvvvvvvvvvvvvvvvvvvvvv
rrrrrrrrrrrrrrrr      vvvvvvvvvvvvvvvvvvvvvv  
rrrrrrrrrrrrr       vvvvvvvvvvvvvvvvvvvvvv    
rr                vvvvvvvvvvvvvvvvvvvvvv      
rr            vvvvvvvvvvvvvvvvvvvvvvvv      rr
rrrr      vvvvvvvvvvvvvvvvvvvvvvvvvv      rrrr
rrrrrr      vvvvvvvvvvvvvvvvvvvvvv      rrrrrr
rrrrrrrr      vvvvvvvvvvvvvvvvvv      rrrrrrrr
rrrrrrrrrr      vvvvvvvvvvvvvv      rrrrrrrrrr
rrrrrrrrrrrr      vvvvvvvvvv      rrrrrrrrrrrr
rrrrrrrrrrrrrr      vvvvvv      rrrrrrrrrrrrrr
rrrrrrrrrrrrrrrr      vv      rrrrrrrrrrrrrrrr
rrrrrrrrrrrrrrrrrr          rrrrrrrrrrrrrrrrrr
rrrrrrrrrrrrrrrrrrrr      rrrrrrrrrrrrrrrrrrrr
rrrrrrrrrrrrrrrrrrrrrr  rrrrrrrrrrrrrrrrrrrrrr

       INSTRUCTION SETS WANT TO BE FREE
[    0.000000] OF: fdt: Ignoring memory range 0x80000000 - 0x80200000
[    0.000000] Linux version 4.19.0-rc3-dirty (asami@blue) (gcc version 9.2.0 (GCC)) #251 SMP Wed Dec 9 19:17:27 JST 2020
[    0.000000] bootconsole [early0] enabled
[    0.000000] Initial ramdisk at: 0x(____ptrval____) (512 bytes)
[    0.000000] Zone ranges:
[    0.000000]   DMA32    empty
[    0.000000]   Normal   [mem 0x0000000080200000-0x0000000087ffffff]
[    0.000000] Movable zone start for each node
[    0.000000] Early memory node ranges
[    0.000000]   node   0: [mem 0x0000000080200000-0x0000000087ffffff]
[    0.000000] Initmem setup node 0 [mem 0x0000000080200000-0x0000000087ffffff]
[    0.000000] software IO TLB: mapped [mem 0x83e3d000-0x87e3d000] (64MB)
[    0.000000] elf_hwcap is 0x112d
[    0.000000] percpu: Embedded 16 pages/cpu @(____ptrval____) s25496 r8192 d31848 u65536
[    0.000000] Built 1 zonelists, mobility grouping on.  Total pages: 31815
[    0.000000] Kernel command line: root=/dev/vda ro console=ttyS0
[    0.000000] Dentry cache hash table entries: 16384 (order: 5, 131072 bytes)
[    0.000000] Inode-cache hash table entries: 8192 (order: 4, 65536 bytes)
[    0.000000] Sorting __ex_table...
[    0.000000] Memory: 55716K/129024K available (3211K kernel code, 213K rwdata, 939K rodata, 148K init, 762K bss, 73308K reserved, 0K cma-reserved)
[    0.000000] SLUB: HWalign=64, Order=0-3, MinObjects=0, CPUs=1, Nodes=1
[    0.000000] rcu: Hierarchical RCU implementation.
[    0.000000] rcu: 	RCU event tracing is enabled.
[    0.000000] rcu: 	RCU restricting CPUs from NR_CPUS=8 to nr_cpu_ids=1.
[    0.000000] rcu: Adjusting geometry for rcu_fanout_leaf=16, nr_cpu_ids=1
[    0.000000] NR_IRQS: 0, nr_irqs: 0, preallocated irqs: 0
[    0.000000] plic: mapped 53 interrupts to 1 (out of 2) handlers.
[    0.000000] clocksource: riscv_clocksource: mask: 0xffffffffffffffff max_cycles: 0x24e6a1710, max_idle_ns: 440795202120 ns
[    0.000000] 11111111111111111111111111
[    0.000000] Console: colour dummy device 80x25
[    0.000000] 22222222222222222222222222
[    0.000000] 333333333333333333333333333
[    0.000000] Calibrating delay loop (skipped), value calculated using timer frequency.. 20.00 BogoMIPS (lpj=40000)
[    0.000000] pid_max: default: 32768 minimum: 301
[    0.000000] 44444444444444444444444444444
[    0.000000] 4.5
[    0.000000] 4.6
[    0.000000] 4.7
[    0.000000] 4.8
[    0.000000] vfs_caches_init 1
[    0.000000] vfs_caches_init 1
[    0.000000] vfs_caches_init 2
[    0.000000] vfs_caches_init 3
[    0.000000] vfs_caches_init 4
[    0.000000] vfs_caches_init 5
[    0.000000] Mount-cache hash table entries: 512 (order: 0, 4096 bytes)
[    0.000000] Mountpoint-cache hash table entries: 512 (order: 0, 4096 bytes)
[    0.000000] register_filesystem 1: sysfs
[    0.000000] register_filesystem 2
[    0.000000] register_filesystem 3
[    0.000000] register_filesystem 5
[    0.000000] register_filesystem 6
[    0.000000] register_filesystem 7
[    0.000000] register_filesystem 1: rootfs
[    0.000000] register_filesystem 2
[    0.000000] register_filesystem 3
[    0.000000] register_filesystem 5
[    0.000000] register_filesystem 6
[    0.000000] register_filesystem 7
[    0.000000] register_filesystem 1: ramfs
[    0.000000] register_filesystem 2
[    0.000000] register_filesystem 3
[    0.000000] register_filesystem 5
[    0.000000] register_filesystem 6
[    0.000000] register_filesystem 7
[    0.000000] vfs_caches_init 6
[    0.000000] bdev_cache_init 1
[    0.000000] bdev_cache_init 2
[    0.000000] register_filesystem 1: bdev
[    0.000000] register_filesystem 2
